{"status": "OK"}
{"status": "OK"}
{"status": "OK"}
{"status": "OK"}
{"status": "OK"}
{"status": "OK"}
{"status": "OK",
  "data": [[ 1, 0, 2],
           [ 2, 1, 0],
           [ 3, 0, 0]]
}
{"status": "OK",
  "data": [ [ 3, 1, 2, "true"] ]
}